000004/100000     200     200     19-07-2023:20:15:55     19-07-2023:20:15:54     0.21     ww     ww
